[autocuda run] acquired lock=gpu-0 mode=exclusive at=2026-07-30T08:09:39.171853 wait=0.000s
/home/shadeform/gpumode/.venv/lib/python3.13/site-packages/numba_cuda/numba/cuda/dispatcher.py:748: NumbaPerformanceWarning: Grid size 64 will likely result in GPU under-utilization due to low occupancy.
  warn(errors.NumbaPerformanceWarning(msg))
/home/shadeform/gpumode/.venv/lib/python3.13/site-packages/numba_cuda/numba/cuda/dispatcher.py:748: NumbaPerformanceWarning: Grid size 16 will likely result in GPU under-utilization due to low occupancy.
  warn(errors.NumbaPerformanceWarning(msg))
/home/shadeform/gpumode/.venv/lib/python3.13/site-packages/numba_cuda/numba/cuda/dispatcher.py:748: NumbaPerformanceWarning: Grid size 112 will likely result in GPU under-utilization due to low occupancy.
  warn(errors.NumbaPerformanceWarning(msg))
/home/shadeform/gpumode/.venv/lib/python3.13/site-packages/numba_cuda/numba/cuda/dispatcher.py:748: NumbaPerformanceWarning: Grid size 96 will likely result in GPU under-utilization due to low occupancy.
  warn(errors.NumbaPerformanceWarning(msg))
/home/shadeform/gpumode/.venv/lib/python3.13/site-packages/numba_cuda/numba/cuda/dispatcher.py:748: NumbaPerformanceWarning: Grid size 80 will likely result in GPU under-utilization due to low occupancy.
  warn(errors.NumbaPerformanceWarning(msg))
/home/shadeform/gpumode/.venv/lib/python3.13/site-packages/numba_cuda/numba/cuda/dispatcher.py:748: NumbaPerformanceWarning: Grid size 64 will likely result in GPU under-utilization due to low occupancy.
  warn(errors.NumbaPerformanceWarning(msg))
/home/shadeform/gpumode/.venv/lib/python3.13/site-packages/numba_cuda/numba/cuda/dispatcher.py:748: NumbaPerformanceWarning: Grid size 48 will likely result in GPU under-utilization due to low occupancy.
  warn(errors.NumbaPerformanceWarning(msg))
/home/shadeform/gpumode/.venv/lib/python3.13/site-packages/numba_cuda/numba/cuda/dispatcher.py:748: NumbaPerformanceWarning: Grid size 32 will likely result in GPU under-utilization due to low occupancy.
  warn(errors.NumbaPerformanceWarning(msg))
/home/shadeform/gpumode/.venv/lib/python3.13/site-packages/numba_cuda/numba/cuda/dispatcher.py:748: NumbaPerformanceWarning: Grid size 4 will likely result in GPU under-utilization due to low occupancy.
  warn(errors.NumbaPerformanceWarning(msg))
/home/shadeform/gpumode/.venv/lib/python3.13/site-packages/numba_cuda/numba/cuda/dispatcher.py:748: NumbaPerformanceWarning: Grid size 56 will likely result in GPU under-utilization due to low occupancy.
  warn(errors.NumbaPerformanceWarning(msg))
/home/shadeform/gpumode/.venv/lib/python3.13/site-packages/numba_cuda/numba/cuda/dispatcher.py:748: NumbaPerformanceWarning: Grid size 48 will likely result in GPU under-utilization due to low occupancy.
  warn(errors.NumbaPerformanceWarning(msg))
/home/shadeform/gpumode/.venv/lib/python3.13/site-packages/numba_cuda/numba/cuda/dispatcher.py:748: NumbaPerformanceWarning: Grid size 40 will likely result in GPU under-utilization due to low occupancy.
  warn(errors.NumbaPerformanceWarning(msg))
/home/shadeform/gpumode/.venv/lib/python3.13/site-packages/numba_cuda/numba/cuda/dispatcher.py:748: NumbaPerformanceWarning: Grid size 120 will likely result in GPU under-utilization due to low occupancy.
  warn(errors.NumbaPerformanceWarning(msg))
/home/shadeform/gpumode/.venv/lib/python3.13/site-packages/numba_cuda/numba/cuda/dispatcher.py:748: NumbaPerformanceWarning: Grid size 32 will likely result in GPU under-utilization due to low occupancy.
  warn(errors.NumbaPerformanceWarning(msg))
/home/shadeform/gpumode/.venv/lib/python3.13/site-packages/numba_cuda/numba/cuda/dispatcher.py:748: NumbaPerformanceWarning: Grid size 80 will likely result in GPU under-utilization due to low occupancy.
  warn(errors.NumbaPerformanceWarning(msg))
/home/shadeform/gpumode/.venv/lib/python3.13/site-packages/numba_cuda/numba/cuda/dispatcher.py:748: NumbaPerformanceWarning: Grid size 24 will likely result in GPU under-utilization due to low occupancy.
  warn(errors.NumbaPerformanceWarning(msg))
/home/shadeform/gpumode/.venv/lib/python3.13/site-packages/numba_cuda/numba/cuda/dispatcher.py:748: NumbaPerformanceWarning: Grid size 16 will likely result in GPU under-utilization due to low occupancy.
  warn(errors.NumbaPerformanceWarning(msg))
/home/shadeform/gpumode/.venv/lib/python3.13/site-packages/numba_cuda/numba/cuda/dispatcher.py:748: NumbaPerformanceWarning: Grid size 8 will likely result in GPU under-utilization due to low occupancy.
  warn(errors.NumbaPerformanceWarning(msg))
/home/shadeform/gpumode/.venv/lib/python3.13/site-packages/numba_cuda/numba/cuda/dispatcher.py:748: NumbaPerformanceWarning: Grid size 60 will likely result in GPU under-utilization due to low occupancy.
  warn(errors.NumbaPerformanceWarning(msg))
/home/shadeform/gpumode/.venv/lib/python3.13/site-packages/numba_cuda/numba/cuda/dispatcher.py:748: NumbaPerformanceWarning: Grid size 120 will likely result in GPU under-utilization due to low occupancy.
  warn(errors.NumbaPerformanceWarning(msg))
/home/shadeform/gpumode/.venv/lib/python3.13/site-packages/numba_cuda/numba/cuda/dispatcher.py:748: NumbaPerformanceWarning: Grid size 60 will likely result in GPU under-utilization due to low occupancy.
  warn(errors.NumbaPerformanceWarning(msg))
/home/shadeform/gpumode/.venv/lib/python3.13/site-packages/numba_cuda/numba/cuda/dispatcher.py:748: NumbaPerformanceWarning: Grid size 120 will likely result in GPU under-utilization due to low occupancy.
  warn(errors.NumbaPerformanceWarning(msg))
/home/shadeform/gpumode/.venv/lib/python3.13/site-packages/numba_cuda/numba/cuda/dispatcher.py:748: NumbaPerformanceWarning: Grid size 2 will likely result in GPU under-utilization due to low occupancy.
  warn(errors.NumbaPerformanceWarning(msg))
/home/shadeform/gpumode/.venv/lib/python3.13/site-packages/numba_cuda/numba/cuda/dispatcher.py:748: NumbaPerformanceWarning: Grid size 28 will likely result in GPU under-utilization due to low occupancy.
  warn(errors.NumbaPerformanceWarning(msg))
/home/shadeform/gpumode/.venv/lib/python3.13/site-packages/numba_cuda/numba/cuda/dispatcher.py:748: NumbaPerformanceWarning: Grid size 112 will likely result in GPU under-utilization due to low occupancy.
  warn(errors.NumbaPerformanceWarning(msg))
/home/shadeform/gpumode/.venv/lib/python3.13/site-packages/numba_cuda/numba/cuda/dispatcher.py:748: NumbaPerformanceWarning: Grid size 24 will likely result in GPU under-utilization due to low occupancy.
  warn(errors.NumbaPerformanceWarning(msg))
/home/shadeform/gpumode/.venv/lib/python3.13/site-packages/numba_cuda/numba/cuda/dispatcher.py:748: NumbaPerformanceWarning: Grid size 84 will likely result in GPU under-utilization due to low occupancy.
  warn(errors.NumbaPerformanceWarning(msg))
/home/shadeform/gpumode/.venv/lib/python3.13/site-packages/numba_cuda/numba/cuda/dispatcher.py:748: NumbaPerformanceWarning: Grid size 20 will likely result in GPU under-utilization due to low occupancy.
  warn(errors.NumbaPerformanceWarning(msg))
/home/shadeform/gpumode/.venv/lib/python3.13/site-packages/numba_cuda/numba/cuda/dispatcher.py:748: NumbaPerformanceWarning: Grid size 16 will likely result in GPU under-utilization due to low occupancy.
  warn(errors.NumbaPerformanceWarning(msg))
/home/shadeform/gpumode/.venv/lib/python3.13/site-packages/numba_cuda/numba/cuda/dispatcher.py:748: NumbaPerformanceWarning: Grid size 40 will likely result in GPU under-utilization due to low occupancy.
  warn(errors.NumbaPerformanceWarning(msg))
/home/shadeform/gpumode/.venv/lib/python3.13/site-packages/numba_cuda/numba/cuda/dispatcher.py:748: NumbaPerformanceWarning: Grid size 12 will likely result in GPU under-utilization due to low occupancy.
  warn(errors.NumbaPerformanceWarning(msg))
/home/shadeform/gpumode/.venv/lib/python3.13/site-packages/numba_cuda/numba/cuda/dispatcher.py:748: NumbaPerformanceWarning: Grid size 8 will likely result in GPU under-utilization due to low occupancy.
  warn(errors.NumbaPerformanceWarning(msg))
/home/shadeform/gpumode/.venv/lib/python3.13/site-packages/numba_cuda/numba/cuda/dispatcher.py:748: NumbaPerformanceWarning: Grid size 4 will likely result in GPU under-utilization due to low occupancy.
  warn(errors.NumbaPerformanceWarning(msg))
/home/shadeform/gpumode/.venv/lib/python3.13/site-packages/numba_cuda/numba/cuda/dispatcher.py:748: NumbaPerformanceWarning: Grid size 8 will likely result in GPU under-utilization due to low occupancy.
  warn(errors.NumbaPerformanceWarning(msg))
/home/shadeform/gpumode/.venv/lib/python3.13/site-packages/numba_cuda/numba/cuda/dispatcher.py:748: NumbaPerformanceWarning: Grid size 120 will likely result in GPU under-utilization due to low occupancy.
  warn(errors.NumbaPerformanceWarning(msg))
/home/shadeform/gpumode/.venv/lib/python3.13/site-packages/numba_cuda/numba/cuda/dispatcher.py:748: NumbaPerformanceWarning: Grid size 112 will likely result in GPU under-utilization due to low occupancy.
  warn(errors.NumbaPerformanceWarning(msg))
/home/shadeform/gpumode/.venv/lib/python3.13/site-packages/numba_cuda/numba/cuda/dispatcher.py:748: NumbaPerformanceWarning: Grid size 104 will likely result in GPU under-utilization due to low occupancy.
  warn(errors.NumbaPerformanceWarning(msg))
/home/shadeform/gpumode/.venv/lib/python3.13/site-packages/numba_cuda/numba/cuda/dispatcher.py:748: NumbaPerformanceWarning: Grid size 96 will likely result in GPU under-utilization due to low occupancy.
  warn(errors.NumbaPerformanceWarning(msg))
/home/shadeform/gpumode/.venv/lib/python3.13/site-packages/numba_cuda/numba/cuda/dispatcher.py:748: NumbaPerformanceWarning: Grid size 88 will likely result in GPU under-utilization due to low occupancy.
  warn(errors.NumbaPerformanceWarning(msg))
/home/shadeform/gpumode/.venv/lib/python3.13/site-packages/numba_cuda/numba/cuda/dispatcher.py:748: NumbaPerformanceWarning: Grid size 80 will likely result in GPU under-utilization due to low occupancy.
  warn(errors.NumbaPerformanceWarning(msg))
/home/shadeform/gpumode/.venv/lib/python3.13/site-packages/numba_cuda/numba/cuda/dispatcher.py:748: NumbaPerformanceWarning: Grid size 72 will likely result in GPU under-utilization due to low occupancy.
  warn(errors.NumbaPerformanceWarning(msg))
/home/shadeform/gpumode/.venv/lib/python3.13/site-packages/numba_cuda/numba/cuda/dispatcher.py:748: NumbaPerformanceWarning: Grid size 64 will likely result in GPU under-utilization due to low occupancy.
  warn(errors.NumbaPerformanceWarning(msg))
/home/shadeform/gpumode/.venv/lib/python3.13/site-packages/numba_cuda/numba/cuda/dispatcher.py:748: NumbaPerformanceWarning: Grid size 56 will likely result in GPU under-utilization due to low occupancy.
  warn(errors.NumbaPerformanceWarning(msg))
/home/shadeform/gpumode/.venv/lib/python3.13/site-packages/numba_cuda/numba/cuda/dispatcher.py:748: NumbaPerformanceWarning: Grid size 48 will likely result in GPU under-utilization due to low occupancy.
  warn(errors.NumbaPerformanceWarning(msg))
/home/shadeform/gpumode/.venv/lib/python3.13/site-packages/numba_cuda/numba/cuda/dispatcher.py:748: NumbaPerformanceWarning: Grid size 40 will likely result in GPU under-utilization due to low occupancy.
  warn(errors.NumbaPerformanceWarning(msg))
/home/shadeform/gpumode/.venv/lib/python3.13/site-packages/numba_cuda/numba/cuda/dispatcher.py:748: NumbaPerformanceWarning: Grid size 32 will likely result in GPU under-utilization due to low occupancy.
  warn(errors.NumbaPerformanceWarning(msg))
/home/shadeform/gpumode/.venv/lib/python3.13/site-packages/numba_cuda/numba/cuda/dispatcher.py:748: NumbaPerformanceWarning: Grid size 24 will likely result in GPU under-utilization due to low occupancy.
  warn(errors.NumbaPerformanceWarning(msg))
/home/shadeform/gpumode/.venv/lib/python3.13/site-packages/numba_cuda/numba/cuda/dispatcher.py:748: NumbaPerformanceWarning: Grid size 16 will likely result in GPU under-utilization due to low occupancy.
  warn(errors.NumbaPerformanceWarning(msg))
/home/shadeform/gpumode/.venv/lib/python3.13/site-packages/numba_cuda/numba/cuda/dispatcher.py:748: NumbaPerformanceWarning: Grid size 1 will likely result in GPU under-utilization due to low occupancy.
  warn(errors.NumbaPerformanceWarning(msg))
/home/shadeform/gpumode/.venv/lib/python3.13/site-packages/numba_cuda/numba/cuda/dispatcher.py:748: NumbaPerformanceWarning: Grid size 74 will likely result in GPU under-utilization due to low occupancy.
  warn(errors.NumbaPerformanceWarning(msg))
/home/shadeform/gpumode/.venv/lib/python3.13/site-packages/numba_cuda/numba/cuda/dispatcher.py:748: NumbaPerformanceWarning: Grid size 14 will likely result in GPU under-utilization due to low occupancy.
  warn(errors.NumbaPerformanceWarning(msg))
/home/shadeform/gpumode/.venv/lib/python3.13/site-packages/numba_cuda/numba/cuda/dispatcher.py:748: NumbaPerformanceWarning: Grid size 12 will likely result in GPU under-utilization due to low occupancy.
  warn(errors.NumbaPerformanceWarning(msg))
/home/shadeform/gpumode/.venv/lib/python3.13/site-packages/numba_cuda/numba/cuda/dispatcher.py:748: NumbaPerformanceWarning: Grid size 42 will likely result in GPU under-utilization due to low occupancy.
  warn(errors.NumbaPerformanceWarning(msg))
/home/shadeform/gpumode/.venv/lib/python3.13/site-packages/numba_cuda/numba/cuda/dispatcher.py:748: NumbaPerformanceWarning: Grid size 10 will likely result in GPU under-utilization due to low occupancy.
  warn(errors.NumbaPerformanceWarning(msg))
/home/shadeform/gpumode/.venv/lib/python3.13/site-packages/numba_cuda/numba/cuda/dispatcher.py:748: NumbaPerformanceWarning: Grid size 30 will likely result in GPU under-utilization due to low occupancy.
  warn(errors.NumbaPerformanceWarning(msg))
/home/shadeform/gpumode/.venv/lib/python3.13/site-packages/numba_cuda/numba/cuda/dispatcher.py:748: NumbaPerformanceWarning: Grid size 20 will likely result in GPU under-utilization due to low occupancy.
  warn(errors.NumbaPerformanceWarning(msg))
/home/shadeform/gpumode/.venv/lib/python3.13/site-packages/numba_cuda/numba/cuda/dispatcher.py:748: NumbaPerformanceWarning: Grid size 6 will likely result in GPU under-utilization due to low occupancy.
  warn(errors.NumbaPerformanceWarning(msg))
/home/shadeform/gpumode/.venv/lib/python3.13/site-packages/numba_cuda/numba/cuda/dispatcher.py:748: NumbaPerformanceWarning: Grid size 4 will likely result in GPU under-utilization due to low occupancy.
  warn(errors.NumbaPerformanceWarning(msg))
/home/shadeform/gpumode/.venv/lib/python3.13/site-packages/numba_cuda/numba/cuda/dispatcher.py:748: NumbaPerformanceWarning: Grid size 2 will likely result in GPU under-utilization due to low occupancy.
  warn(errors.NumbaPerformanceWarning(msg))
/home/shadeform/gpumode/.venv/lib/python3.13/site-packages/numba_cuda/numba/cuda/dispatcher.py:748: NumbaPerformanceWarning: Grid size 126 will likely result in GPU under-utilization due to low occupancy.
  warn(errors.NumbaPerformanceWarning(msg))
/home/shadeform/gpumode/.venv/lib/python3.13/site-packages/numba_cuda/numba/cuda/dispatcher.py:748: NumbaPerformanceWarning: Grid size 124 will likely result in GPU under-utilization due to low occupancy.
  warn(errors.NumbaPerformanceWarning(msg))
/home/shadeform/gpumode/.venv/lib/python3.13/site-packages/numba_cuda/numba/cuda/dispatcher.py:748: NumbaPerformanceWarning: Grid size 122 will likely result in GPU under-utilization due to low occupancy.
  warn(errors.NumbaPerformanceWarning(msg))
/home/shadeform/gpumode/.venv/lib/python3.13/site-packages/numba_cuda/numba/cuda/dispatcher.py:748: NumbaPerformanceWarning: Grid size 118 will likely result in GPU under-utilization due to low occupancy.
  warn(errors.NumbaPerformanceWarning(msg))
/home/shadeform/gpumode/.venv/lib/python3.13/site-packages/numba_cuda/numba/cuda/dispatcher.py:748: NumbaPerformanceWarning: Grid size 116 will likely result in GPU under-utilization due to low occupancy.
  warn(errors.NumbaPerformanceWarning(msg))
/home/shadeform/gpumode/.venv/lib/python3.13/site-packages/numba_cuda/numba/cuda/dispatcher.py:748: NumbaPerformanceWarning: Grid size 114 will likely result in GPU under-utilization due to low occupancy.
  warn(errors.NumbaPerformanceWarning(msg))
/home/shadeform/gpumode/.venv/lib/python3.13/site-packages/numba_cuda/numba/cuda/dispatcher.py:748: NumbaPerformanceWarning: Grid size 110 will likely result in GPU under-utilization due to low occupancy.
  warn(errors.NumbaPerformanceWarning(msg))
/home/shadeform/gpumode/.venv/lib/python3.13/site-packages/numba_cuda/numba/cuda/dispatcher.py:748: NumbaPerformanceWarning: Grid size 108 will likely result in GPU under-utilization due to low occupancy.
  warn(errors.NumbaPerformanceWarning(msg))
/home/shadeform/gpumode/.venv/lib/python3.13/site-packages/numba_cuda/numba/cuda/dispatcher.py:748: NumbaPerformanceWarning: Grid size 106 will likely result in GPU under-utilization due to low occupancy.
  warn(errors.NumbaPerformanceWarning(msg))
/home/shadeform/gpumode/.venv/lib/python3.13/site-packages/numba_cuda/numba/cuda/dispatcher.py:748: NumbaPerformanceWarning: Grid size 102 will likely result in GPU under-utilization due to low occupancy.
  warn(errors.NumbaPerformanceWarning(msg))
/home/shadeform/gpumode/.venv/lib/python3.13/site-packages/numba_cuda/numba/cuda/dispatcher.py:748: NumbaPerformanceWarning: Grid size 100 will likely result in GPU under-utilization due to low occupancy.
  warn(errors.NumbaPerformanceWarning(msg))
/home/shadeform/gpumode/.venv/lib/python3.13/site-packages/numba_cuda/numba/cuda/dispatcher.py:748: NumbaPerformanceWarning: Grid size 98 will likely result in GPU under-utilization due to low occupancy.
  warn(errors.NumbaPerformanceWarning(msg))
/home/shadeform/gpumode/.venv/lib/python3.13/site-packages/numba_cuda/numba/cuda/dispatcher.py:748: NumbaPerformanceWarning: Grid size 94 will likely result in GPU under-utilization due to low occupancy.
  warn(errors.NumbaPerformanceWarning(msg))
/home/shadeform/gpumode/.venv/lib/python3.13/site-packages/numba_cuda/numba/cuda/dispatcher.py:748: NumbaPerformanceWarning: Grid size 92 will likely result in GPU under-utilization due to low occupancy.
  warn(errors.NumbaPerformanceWarning(msg))
/home/shadeform/gpumode/.venv/lib/python3.13/site-packages/numba_cuda/numba/cuda/dispatcher.py:748: NumbaPerformanceWarning: Grid size 90 will likely result in GPU under-utilization due to low occupancy.
  warn(errors.NumbaPerformanceWarning(msg))
/home/shadeform/gpumode/.venv/lib/python3.13/site-packages/numba_cuda/numba/cuda/dispatcher.py:748: NumbaPerformanceWarning: Grid size 86 will likely result in GPU under-utilization due to low occupancy.
  warn(errors.NumbaPerformanceWarning(msg))
/home/shadeform/gpumode/.venv/lib/python3.13/site-packages/numba_cuda/numba/cuda/dispatcher.py:748: NumbaPerformanceWarning: Grid size 84 will likely result in GPU under-utilization due to low occupancy.
  warn(errors.NumbaPerformanceWarning(msg))
/home/shadeform/gpumode/.venv/lib/python3.13/site-packages/numba_cuda/numba/cuda/dispatcher.py:748: NumbaPerformanceWarning: Grid size 82 will likely result in GPU under-utilization due to low occupancy.
  warn(errors.NumbaPerformanceWarning(msg))
/home/shadeform/gpumode/.venv/lib/python3.13/site-packages/numba_cuda/numba/cuda/dispatcher.py:748: NumbaPerformanceWarning: Grid size 78 will likely result in GPU under-utilization due to low occupancy.
  warn(errors.NumbaPerformanceWarning(msg))
/home/shadeform/gpumode/.venv/lib/python3.13/site-packages/numba_cuda/numba/cuda/dispatcher.py:748: NumbaPerformanceWarning: Grid size 76 will likely result in GPU under-utilization due to low occupancy.
  warn(errors.NumbaPerformanceWarning(msg))
/home/shadeform/gpumode/.venv/lib/python3.13/site-packages/numba_cuda/numba/cuda/dispatcher.py:748: NumbaPerformanceWarning: Grid size 70 will likely result in GPU under-utilization due to low occupancy.
  warn(errors.NumbaPerformanceWarning(msg))
/home/shadeform/gpumode/.venv/lib/python3.13/site-packages/numba_cuda/numba/cuda/dispatcher.py:748: NumbaPerformanceWarning: Grid size 68 will likely result in GPU under-utilization due to low occupancy.
  warn(errors.NumbaPerformanceWarning(msg))
/home/shadeform/gpumode/.venv/lib/python3.13/site-packages/numba_cuda/numba/cuda/dispatcher.py:748: NumbaPerformanceWarning: Grid size 66 will likely result in GPU under-utilization due to low occupancy.
  warn(errors.NumbaPerformanceWarning(msg))
/home/shadeform/gpumode/.venv/lib/python3.13/site-packages/numba_cuda/numba/cuda/dispatcher.py:748: NumbaPerformanceWarning: Grid size 62 will likely result in GPU under-utilization due to low occupancy.
  warn(errors.NumbaPerformanceWarning(msg))
/home/shadeform/gpumode/.venv/lib/python3.13/site-packages/numba_cuda/numba/cuda/dispatcher.py:748: NumbaPerformanceWarning: Grid size 60 will likely result in GPU under-utilization due to low occupancy.
  warn(errors.NumbaPerformanceWarning(msg))
/home/shadeform/gpumode/.venv/lib/python3.13/site-packages/numba_cuda/numba/cuda/dispatcher.py:748: NumbaPerformanceWarning: Grid size 58 will likely result in GPU under-utilization due to low occupancy.
  warn(errors.NumbaPerformanceWarning(msg))
/home/shadeform/gpumode/.venv/lib/python3.13/site-packages/numba_cuda/numba/cuda/dispatcher.py:748: NumbaPerformanceWarning: Grid size 54 will likely result in GPU under-utilization due to low occupancy.
  warn(errors.NumbaPerformanceWarning(msg))
/home/shadeform/gpumode/.venv/lib/python3.13/site-packages/numba_cuda/numba/cuda/dispatcher.py:748: NumbaPerformanceWarning: Grid size 52 will likely result in GPU under-utilization due to low occupancy.
  warn(errors.NumbaPerformanceWarning(msg))
/home/shadeform/gpumode/.venv/lib/python3.13/site-packages/numba_cuda/numba/cuda/dispatcher.py:748: NumbaPerformanceWarning: Grid size 50 will likely result in GPU under-utilization due to low occupancy.
  warn(errors.NumbaPerformanceWarning(msg))
/home/shadeform/gpumode/.venv/lib/python3.13/site-packages/numba_cuda/numba/cuda/dispatcher.py:748: NumbaPerformanceWarning: Grid size 46 will likely result in GPU under-utilization due to low occupancy.
  warn(errors.NumbaPerformanceWarning(msg))
/home/shadeform/gpumode/.venv/lib/python3.13/site-packages/numba_cuda/numba/cuda/dispatcher.py:748: NumbaPerformanceWarning: Grid size 44 will likely result in GPU under-utilization due to low occupancy.
  warn(errors.NumbaPerformanceWarning(msg))
/home/shadeform/gpumode/.venv/lib/python3.13/site-packages/numba_cuda/numba/cuda/dispatcher.py:748: NumbaPerformanceWarning: Grid size 38 will likely result in GPU under-utilization due to low occupancy.
  warn(errors.NumbaPerformanceWarning(msg))
/home/shadeform/gpumode/.venv/lib/python3.13/site-packages/numba_cuda/numba/cuda/dispatcher.py:748: NumbaPerformanceWarning: Grid size 36 will likely result in GPU under-utilization due to low occupancy.
  warn(errors.NumbaPerformanceWarning(msg))
/home/shadeform/gpumode/.venv/lib/python3.13/site-packages/numba_cuda/numba/cuda/dispatcher.py:748: NumbaPerformanceWarning: Grid size 34 will likely result in GPU under-utilization due to low occupancy.
  warn(errors.NumbaPerformanceWarning(msg))
/home/shadeform/gpumode/.venv/lib/python3.13/site-packages/numba_cuda/numba/cuda/dispatcher.py:748: NumbaPerformanceWarning: Grid size 28 will likely result in GPU under-utilization due to low occupancy.
  warn(errors.NumbaPerformanceWarning(msg))
/home/shadeform/gpumode/.venv/lib/python3.13/site-packages/numba_cuda/numba/cuda/dispatcher.py:748: NumbaPerformanceWarning: Grid size 26 will likely result in GPU under-utilization due to low occupancy.
  warn(errors.NumbaPerformanceWarning(msg))
/home/shadeform/gpumode/.venv/lib/python3.13/site-packages/numba_cuda/numba/cuda/dispatcher.py:748: NumbaPerformanceWarning: Grid size 22 will likely result in GPU under-utilization due to low occupancy.
  warn(errors.NumbaPerformanceWarning(msg))
/home/shadeform/gpumode/.venv/lib/python3.13/site-packages/numba_cuda/numba/cuda/dispatcher.py:748: NumbaPerformanceWarning: Grid size 18 will likely result in GPU under-utilization due to low occupancy.
  warn(errors.NumbaPerformanceWarning(msg))
----- eval.py benchmark output -----
benchmark-count: 15
benchmark.0.spec: batch: 4096; n: 32; cond: 2; seed: 41032
benchmark.0.runs: 200
benchmark.0.mean: 19858.91000367701
benchmark.0.std: 459.4209427739405
benchmark.0.err: 32.48596640545701
benchmark.0.best: 18559.999763965607
benchmark.0.worst: 21539.999172091484
benchmark.1.spec: batch: 1024; n: 64; cond: 2; seed: 41064
benchmark.1.runs: 200
benchmark.1.mean: 26645.779963582754
benchmark.1.std: 458.986549828254
benchmark.1.err: 32.45525018569756
benchmark.1.best: 25149.9991863966
benchmark.1.worst: 28748.000040650368
benchmark.2.spec: batch: 256; n: 128; cond: 2; seed: 41128
benchmark.2.runs: 139
benchmark.2.mean: 61335.007063776466
benchmark.2.std: 720.5736171318952
benchmark.2.err: 61.118256507072736
benchmark.2.best: 60417.99858212471
benchmark.2.worst: 68663.99943828583
benchmark.3.spec: batch: 64; n: 256; cond: 2; seed: 41256
benchmark.3.runs: 200
benchmark.3.mean: 81782.20983594656
benchmark.3.std: 96511.8355673501
benchmark.3.err: 6824.417339443428
benchmark.3.best: 74110.0013256073
benchmark.3.worst: 1439829.94556427
benchmark.4.spec: batch: 16; n: 512; cond: 2; seed: 41512
benchmark.4.runs: 200
benchmark.4.mean: 191760.1002007723
benchmark.4.std: 111456.30453972082
benchmark.4.err: 7881.150874602957
benchmark.4.best: 183083.99617671967
benchmark.4.worst: 1760102.0336151123
benchmark.5.spec: batch: 640; n: 512; cond: 2; seed: 510512
benchmark.5.runs: 200
benchmark.5.mean: 1196051.8395900726
benchmark.5.std: 29298.49752328524
benchmark.5.err: 2071.7166277292263
benchmark.5.best: 1126431.941986084
benchmark.5.worst: 1487488.031387329
benchmark.6.spec: batch: 4; n: 1024; cond: 2; seed: 42024
benchmark.6.runs: 200
benchmark.6.mean: 771905.9383869171
benchmark.6.std: 450466.9339205817
benchmark.6.err: 31852.82236755557
benchmark.6.best: 738496.0055351257
benchmark.6.worst: 7110613.822937012
benchmark.7.spec: batch: 60; n: 1024; cond: 2; seed: 511024
benchmark.7.runs: 200
benchmark.7.mean: 905955.6776285172
benchmark.7.std: 458769.0253809725
benchmark.7.err: 32439.868884522897
benchmark.7.best: 860224.0085601807
benchmark.7.worst: 7359360.218048096
benchmark.8.spec: batch: 2; n: 2048; cond: 2; seed: 44048
benchmark.8.runs: 200
benchmark.8.mean: 1567103.1004190445
benchmark.8.std: 804830.7894798819
benchmark.8.err: 56910.13089489471
benchmark.8.best: 1508479.9528121948
benchmark.8.worst: 12892204.284667969
benchmark.9.spec: batch: 8; n: 2048; cond: 2; seed: 512048
benchmark.9.runs: 18
benchmark.9.mean: 1049056.8810039097
benchmark.9.std: 4226.207313323936
benchmark.9.err: 996.126616650512
benchmark.9.best: 1042528.0332565308
benchmark.9.worst: 1059535.9802246094
benchmark.10.spec: batch: 1; n: 4096; cond: 2; seed: 48096
benchmark.10.runs: 200
benchmark.10.mean: 3224416.204690933
benchmark.10.std: 1962922.603820398
benchmark.10.err: 138799.58841057582
benchmark.10.best: 3079231.9774627686
benchmark.10.worst: 30845520.01953125
benchmark.11.spec: batch: 2; n: 4096; cond: 2; seed: 514096
benchmark.11.runs: 7
benchmark.11.mean: 1821810.2625438145
benchmark.11.std: 3191.191532524805
benchmark.11.err: 1206.1570258622462
benchmark.11.best: 1818143.9638137817
benchmark.11.worst: 1827487.9455566406
benchmark.12.spec: batch: 1; n: 8192; cond: 2; seed: 48192
benchmark.12.runs: 50
benchmark.12.mean: 4893898.2582092285
benchmark.12.std: 34204.11555234083
benchmark.12.err: 4837.192410309691
benchmark.12.best: 4860960.006713867
benchmark.12.worst: 5098976.135253906
benchmark.13.spec: batch: 1; n: 16384; cond: 2; seed: 48284
benchmark.13.runs: 13
benchmark.13.mean: 13147293.751056377
benchmark.13.std: 46505.06958195508
benchmark.13.err: 12898.18561128921
benchmark.13.best: 13119456.29119873
benchmark.13.worst: 13300352.096557617
benchmark.14.spec: batch: 1; n: 32768; cond: 2; seed: 48368
benchmark.14.runs: 16
benchmark.14.mean: 38328908.20503235
benchmark.14.std: 149530.04722615576
benchmark.14.err: 37382.51180653894
benchmark.14.best: 38254688.26293945
benchmark.14.worst: 38887329.1015625
check: pass
------------------------------------
  shape  0 [batch: 4096; n: 32; cond: 2; seed: 41032]: 19.859 us
  shape  1 [batch: 1024; n: 64; cond: 2; seed: 41064]: 26.646 us
  shape  2 [batch: 256; n: 128; cond: 2; seed: 41128]: 61.335 us
  shape  3 [batch: 64; n: 256; cond: 2; seed: 41256]: 81.782 us
  shape  4 [batch: 16; n: 512; cond: 2; seed: 41512]: 191.760 us
  shape  5 [batch: 640; n: 512; cond: 2; seed: 510512]: 1196.052 us
  shape  6 [batch: 4; n: 1024; cond: 2; seed: 42024]: 771.906 us
  shape  7 [batch: 60; n: 1024; cond: 2; seed: 511024]: 905.956 us
  shape  8 [batch: 2; n: 2048; cond: 2; seed: 44048]: 1567.103 us
  shape  9 [batch: 8; n: 2048; cond: 2; seed: 512048]: 1049.057 us
  shape 10 [batch: 1; n: 4096; cond: 2; seed: 48096]: 3224.416 us
  shape 11 [batch: 2; n: 4096; cond: 2; seed: 514096]: 1821.810 us
  shape 12 [batch: 1; n: 8192; cond: 2; seed: 48192]: 4893.898 us
  shape 13 [batch: 1; n: 16384; cond: 2; seed: 48284]: 13147.294 us
  shape 14 [batch: 1; n: 32768; cond: 2; seed: 48368]: 38328.908 us
===GPUMODE_RESULT_BEGIN===
linalg/cholesky_py=736.320038
===GPUMODE_RESULT_END===
[autocuda run] released lock=gpu-0 mode=exclusive at=2026-07-30T08:14:30.281696 ran=291.110s
