leaderboard-submit: problem=linalg/qr_v2 leaderboard=qr_v2 gpu=B200 mode=leaderboard commit=dc4454042b763fc561cfdd9cc02591da7d1f9b78
Submitting to leaderboard: qr_v2
GPU: B200
Mode: leaderboard
File: /home/shadeform/gpumode/autocuda/worktrees/submit-2026-06-20-20-26-49-qr_v2-dc4454042b763fc561cfdd9cc02591da7d1f9b78/problems/linalg/qr_v2/submission.py

Waiting for results...
{"status": "processing", "elapsed_time": 0.0}
{"status": "processing", "elapsed_time": 15.0}
{"status": "processing", "elapsed_time": 30.0}
{"status": "processing", "elapsed_time": 45.0}
{"status": "processing", "elapsed_time": 60.01}
{"status": "processing", "elapsed_time": 75.01}
{"status": "processing", "elapsed_time": 90.01}
{"status": "processing", "elapsed_time": 105.01}
{"status": "processing", "elapsed_time": 120.01}
{"status": "processing", "elapsed_time": 135.01}
{"status": "processing", "elapsed_time": 150.01}
{"status": "processing", "elapsed_time": 165.01}

"**B200 on Modal ✅ success**
> ✅ Waiting for modal run to finish... Done
> ✅ Testing successful
> ✅ Benchmarking successful
> ✅ Leaderboard run successful

Running on:
* GPU: `NVIDIA B200`
* CPU: `AuthenticAMD`
* Device count: `1`
* Runtime: `CUDA`
* Platform: `Linux-4.19.0-gvisor-x86_64-with-glibc2.39`
* Torch: `2.12.0+cu130`
* Hostname: `modal`


## ✅ Passed 22/22 tests:
```
✅ n: 32; cond: 1; seed: 53124; batch: 20
> factor_rtol=7.63e-05; orth_rtol=0.000381; scaled_factor_residual=0.122; scaled_reconstruction_residual=0.0532; scaled_triangular_residual=0.0981; scaled_orthogonality_residual=1.05; batch=20; n=32
✅ n: 176; cond: 1; seed: 3321; batch: 40
> factor_rtol=0.00042; orth_rtol=0.0021; scaled_factor_residual=0.0339; scaled_reconstruction_residual=0.0139; scaled_triangular_residual=0.0311; scaled_orthogonality_residual=0.583; batch=40; n=176
✅ n: 352; cond: 1; seed: 1200; batch: 40
> factor_rtol=0.000839; orth_rtol=0.0042; scaled_factor_residual=0.0171; scaled_reconstruction_residual=0.00846; scaled_triangular_residual=0.0163; scaled_orthogonality_residual=0.499; batch=40; n=352
✅ n: 512; cond: 2; seed: 32523; batch: 16
> factor_rtol=0.00122; orth_rtol=0.0061; scaled_factor_residual=0.00854; scaled_reconstruction_residual=0.00276; scaled_triangular_residual=0.0081; scaled_orthogonality_residual=0.403; batch=16; n=512
✅ n: 1024; cond: 2; seed: 4327; batch: 4
> factor_rtol=0.00244; orth_rtol=0.0122; scaled_factor_residual=0.00369; scaled_reconstruction_residual=0.00165; scaled_triangular_residual=0.00359; scaled_orthogonality_residual=0.252; batch=4; n=1024
✅ n: 4096; cond: 1; seed: 75342; batch: 1
> factor_rtol=0.00977; orth_rtol=0.0488; scaled_factor_residual=0.00229; scaled_reconstruction_residual=0.00174; scaled_triangular_residual=0.00216; scaled_orthogonality_residual=0.16; batch=1; n=4096
✅ n: 512; case: dense; cond: 4; seed: 32524; batch: 16
> factor_rtol=0.00122; orth_rtol=0.0061; scaled_factor_residual=0.00826; scaled_reconstruction_residual=0.00219; scaled_triangular_residual=0.00738; scaled_orthogonality_residual=0.397; batch=16; n=512
✅ n: 512; case: rankdef; cond: 0; seed: 32525; batch: 16
> factor_rtol=0.00122; orth_rtol=0.0061; scaled_factor_residual=0.0121; scaled_reconstruction_residual=0.0126; scaled_triangular_residual=0.0102; scaled_orthogonality_residual=0.299; batch=16; n=512
✅ n: 512; case: clustered; cond: 0; seed: 32526; batch: 16
> factor_rtol=0.00122; orth_rtol=0.0061; scaled_factor_residual=5.73; scaled_reconstruction_residual=5.43; scaled_triangular_residual=2.85; scaled_orthogonality_residual=0.242; batch=16; n=512
✅ n: 512; case: band; cond: 0; seed: 32527; batch: 16
> factor_rtol=0.00122; orth_rtol=0.0061; scaled_factor_residual=0.0185; scaled_reconstruction_residual=0.018; scaled_triangular_residual=0.0145; scaled_orthogonality_residual=0.519; batch=16; n=512
✅ n: 512; case: rowscale; cond: 0; seed: 32528; batch: 16
> factor_rtol=0.00122; orth_rtol=0.0061; scaled_factor_residual=0.019; scaled_reconstruction_residual=0.0234; scaled_triangular_residual=0.0123; scaled_orthogonality_residual=0.419; batch=16; n=512
✅ n: 512; case: nearcollinear; cond: 0; seed: 32529; batch: 16
> factor_rtol=0.00122; orth_rtol=0.0061; scaled_factor_residual=0.0141; scaled_reconstruction_residual=0.0149; scaled_triangular_residual=0.00845; scaled_orthogonality_residual=0.398; batch=16; n=512
✅ n: 1024; case: dense; cond: 4; seed: 4328; batch: 4
> factor_rtol=0.00244; orth_rtol=0.0122; scaled_factor_residual=0.00354; scaled_reconstruction_residual=0.00123; scaled_triangular_residual=0.00336; scaled_orthogonality_residual=0.256; batch=4; n=1024
✅ n: 1024; case: rankdef; cond: 0; seed: 4329; batch: 4
> factor_rtol=0.00244; orth_rtol=0.0122; scaled_factor_residual=0.00551; scaled_reconstruction_residual=0.00609; scaled_triangular_residual=0.00378; scaled_orthogonality_residual=0.183; batch=4; n=1024
✅ n: 1024; case: nearrank; cond: 0; seed: 4330; batch: 4
> factor_rtol=0.00244; orth_rtol=0.0122; scaled_factor_residual=0.00557; scaled_reconstruction_residual=0.00626; scaled_triangular_residual=0.00409; scaled_orthogonality_residual=0.252; batch=4; n=1024
✅ n: 1024; case: clustered; cond: 0; seed: 4331; batch: 4
> factor_rtol=0.00244; orth_rtol=0.0122; scaled_factor_residual=0.00488; scaled_reconstruction_residual=0.0049; scaled_triangular_residual=0.00395; scaled_orthogonality_residual=0.254; batch=4; n=1024
✅ n: 2048; case: dense; cond: 2; seed: 224466; batch: 2
> factor_rtol=0.00488; orth_rtol=0.0244; scaled_factor_residual=0.00225; scaled_reconstruction_residual=0.00167; scaled_triangular_residual=0.00221; scaled_orthogonality_residual=0.178; batch=2; n=2048
✅ n: 2048; case: rankdef; cond: 0; seed: 224467; batch: 2
> factor_rtol=0.00488; orth_rtol=0.0244; scaled_factor_residual=0.00409; scaled_reconstruction_residual=0.00414; scaled_triangular_residual=0.0027; scaled_orthogonality_residual=0.116; batch=2; n=2048
✅ n: 4096; case: upper; cond: 0; seed: 75343; batch: 1
> factor_rtol=0.00977; orth_rtol=0.0488; scaled_factor_residual=0; scaled_reconstruction_residual=0; scaled_triangular_residual=0; scaled_orthogonality_residual=0; batch=1; n=4096
✅ n: 512; case: mixed; cond: 2; seed: 32530; batch: 16
> factor_rtol=0.00122; orth_rtol=0.0061; scaled_factor_residual=5.18; scaled_reconstruction_residual=5.28; scaled_triangular_residual=2.54; scaled_orthogonality_residual=0.396; batch=16; n=512
✅ n: 1024; case: mixed; cond: 2; seed: 4332; batch: 4
> factor_rtol=0.00244; orth_rtol=0.0122; scaled_factor_residual=0.00392; scaled_reconstruction_residual=0.00163; scaled_triangular_residual=0.00382; scaled_orthogonality_residual=0.256; batch=4; n=1024
✅ n: 2048; case: mixed; cond: 2; seed: 224468; batch: 2
> factor_rtol=0.00488; orth_rtol=0.0244; scaled_factor_residual=0.00206; scaled_reconstruction_residual=0.00169; scaled_triangular_residual=0.00203; scaled_orthogonality_residual=0.178; batch=2; n=2048```

## Benchmarks:
```
n: 32; cond: 1; seed: 43214; batch: 20
 ⏱ 144 ± 0.1 µs
 ⚡ 144 µs 🐌 144 µs

n: 176; cond: 1; seed: 423011; batch: 40
 ⏱ 4.41 ± 0.001 ms
 ⚡ 4.41 ms 🐌 4.42 ms

n: 352; cond: 1; seed: 123456; batch: 40
 ⏱ 47.1 ± 0.00 ms
 ⚡ 47.1 ms 🐌 47.1 ms

n: 512; cond: 2; seed: 1029; batch: 640
 ⏱ 1066 ± 0.0 ms
 ⚡ 1066 ms 🐌 1066 ms

n: 1024; cond: 2; seed: 75342; batch: 60
 ⏱ 239 ± 0.0 ms
 ⚡ 239 ms 🐌 239 ms

n: 2048; cond: 1; seed: 224466; batch: 8
 ⏱ 76.9 ± 0.02 ms
 ⚡ 76.8 ms 🐌 76.9 ms

n: 4096; cond: 1; seed: 32412; batch: 2
 ⏱ 52.1 ± 0.01 ms
 ⚡ 52.1 ms 🐌 52.1 ms

n: 512; case: mixed; cond: 2; seed: 770001; batch: 640
 ⏱ 1036 ± 0.2 ms
 ⚡ 1036 ms 🐌 1036 ms

n: 1024; case: mixed; cond: 2; seed: 770002; batch: 60
 ⏱ 230 ± 0.0 ms
 ⚡ 230 ms 🐌 230 ms

n: 512; case: rankdef; cond: 0; seed: 770003; batch: 640
 ⏱ 484 ± 0.1 ms
 ⚡ 483 ms 🐌 484 ms

n: 512; case: clustered; cond: 0; seed: 770004; batch: 640
 ⏱ 241 ± 0.1 ms
 ⚡ 241 ms 🐌 241 ms

n: 1024; case: nearrank; cond: 0; seed: 770005; batch: 60
 ⏱ 213 ± 0.0 ms
 ⚡ 213 ms 🐌 213 ms
```

## Ranked Benchmark:
```
n: 32; cond: 1; seed: 43214; batch: 20
 ⏱ 144 ± 0.1 µs
 ⚡ 144 µs 🐌 144 µs

n: 176; cond: 1; seed: 423011; batch: 40
 ⏱ 4.41 ± 0.000 ms
 ⚡ 4.41 ms 🐌 4.41 ms

n: 352; cond: 1; seed: 123456; batch: 40
 ⏱ 47.1 ± 0.00 ms
 ⚡ 47.1 ms 🐌 47.1 ms

n: 512; cond: 2; seed: 1029; batch: 640
 ⏱ 1074 ± 0.1 ms
 ⚡ 1074 ms 🐌 1074 ms

n: 1024; cond: 2; seed: 75342; batch: 60
 ⏱ 239 ± 0.0 ms
 ⚡ 239 ms 🐌 239 ms

n: 2048; cond: 1; seed: 224466; batch: 8
 ⏱ 76.8 ± 0.07 ms
 ⚡ 76.7 ms 🐌 77.0 ms

n: 4096; cond: 1; seed: 32412; batch: 2
 ⏱ 52.1 ± 0.02 ms
 ⚡ 52.1 ms 🐌 52.1 ms

n: 512; case: mixed; cond: 2; seed: 770001; batch: 640
 ⏱ 1036 ± 0.0 ms
 ⚡ 1036 ms 🐌 1036 ms

n: 1024; case: mixed; cond: 2; seed: 770002; batch: 60
 ⏱ 230 ± 0.1 ms
 ⚡ 230 ms 🐌 230 ms

n: 512; case: rankdef; cond: 0; seed: 770003; batch: 640
 ⏱ 483 ± 0.0 ms
 ⚡ 483 ms 🐌 483 ms

n: 512; case: clustered; cond: 0; seed: 770004; batch: 640
 ⏱ 241 ± 0.0 ms
 ⚡ 241 ms 🐌 241 ms

n: 1024; case: nearrank; cond: 0; seed: 770005; batch: 60
 ⏱ 213 ± 0.0 ms
 ⚡ 213 ms 🐌 213 ms
```","**B200 on Modal (secret) ✅ success**
> ✅ Waiting for modal run to finish... Done
> ✅ Testing successful
> ✅ Benchmarking successful
> ✅ Leaderboard run successful
"
leaderboard-submit: submissions for qr_v2 after commit=dc4454042b763fc561cfdd9cc02591da7d1f9b78
ID       Leaderboard          File                 Time                 GPU(s)       Status          Score
---------------------------------------------------------------------------------------------------------
823864   qr_v2                submission.py        2026-06-21T01:52...  B200,B20...  done                -
823846   qr_v2                submission.py        2026-06-21T01:46...  B200,B20...  done                -
823832   qr_v2                submission.py        2026-06-21T01:38...  B200,B20...  done                -
823816   qr_v2                submission.py        2026-06-21T01:31...  B200,B20...  done                -
823807   qr_v2                submission.py        2026-06-21T01:27...  B200,B20...  done                -
823787   qr_v2                submission.py        2026-06-21T01:10...  B200,B20...  done                -
823783   qr_v2                submission.py        2026-06-21T01:09...  B200         done                -
823778   qr_v2                submission.py        2026-06-21T01:07...  B200,B20...  done                -
823755   qr_v2                submission.py        2026-06-21T00:59...  B200,B20...  done                -
823746   qr_v2                submission.py        2026-06-21T00:56...  B200,B20...  done                -
823733   qr_v2                submission.py        2026-06-21T00:44...  B200,B20...  done                -
823718   qr_v2                submission.py        2026-06-21T00:38...  B200,B20...  done                -
823713   qr_v2                submission.py        2026-06-21T00:37...  B200,B20...  done                -
823702   qr_v2                submission.py        2026-06-21T00:31...  B200,B20...  done                -
823695   qr_v2                submission.py        2026-06-21T00:27...  B200,B20...  done                -
823687   qr_v2                submission.py        2026-06-21T00:21...  B200,B20...  done                -
823686   qr_v2                submission.py        2026-06-21T00:21...  -            done                -
823674   qr_v2                submission.py        2026-06-21T00:15...  B200,B20...  done                -
823641   qr_v2                submission.py        2026-06-20T23:59...  B200,B20...  done                -
823631   qr_v2                submission.py        2026-06-20T23:54...  B200,B20...  done                -
823630   qr_v2                submission.py        2026-06-20T23:54...  B200,B20...  done                -
823623   qr_v2                submission.py        2026-06-20T23:46...  B200,B20...  done                -
823621   qr_v2                submission.py        2026-06-20T23:45...  B200,B20...  done                -
823590   qr_v2                submission.py        2026-06-20T23:25...  B200,B20...  done                -
823584   qr_v2                submission.py        2026-06-20T23:24...  B200,B20...  done                -
823563   qr_v2                submission.py        2026-06-20T23:11...  B200,B20...  done                -
823559   qr_v2                submission.py        2026-06-20T23:09...  B200,B20...  done                -
823543   qr_v2                submission.py        2026-06-20T23:04...  B200,B20...  done                -
823526   qr_v2                submission.py        2026-06-20T22:56...  B200,B20...  done                -
823496   qr_v2                submission.py        2026-06-20T22:46...  B200,B20...  done                -
823495   qr_v2                submission.py        2026-06-20T22:46...  B200,B20...  done                -
823443   qr_v2                submission.py        2026-06-20T22:26...  B200,B20...  done                -
823434   qr_v2                submission.py        2026-06-20T22:22...  B200,B20...  done                -
823425   qr_v2                submission.py        2026-06-20T22:15...  B200,B20...  done                -
823421   qr_v2                submission.py        2026-06-20T22:14...  B200,B20...  done                -
823413   qr_v2                submission.py        2026-06-20T22:09...  -            done                -
823412   qr_v2                submission.py        2026-06-20T22:05...  B200,B20...  done                -
823397   qr_v2                submission.py        2026-06-20T22:02...  B200,B20...  done                -
823371   qr_v2                submission.py        2026-06-20T21:53...  B200,B20...  done                -
823370   qr_v2                submission.py        2026-06-20T21:53...  B200,B20...  done                -
823353   qr_v2                submission.py        2026-06-20T21:46...  B200,B20...  done                -
823332   qr_v2                submission.py        2026-06-20T21:41...  B200,B20...  done                -
823304   qr_v2                submission.py        2026-06-20T21:25...  B200,B20...  done                -
823294   qr_v2                submission.py        2026-06-20T21:22...  B200,B20...  done                -
823260   qr_v2                submission.py        2026-06-20T21:09...  B200,B20...  done                -
823258   qr_v2                submission.py        2026-06-20T21:08...  B200,B20...  done                -
823237   qr_v2                submission.py        2026-06-20T21:01...  B200,B20...  done                -
823229   qr_v2                submission.py        2026-06-20T20:59...  B200,B20...  done                -
823177   qr_v2                submission.py        2026-06-20T20:34...  B200,B20...  done                -
823005   qr_v2                submission.py        2026-06-20T19:13...  B200,B20...  done                -
